// Jest Snapshot v1, https://goo.gl/fbAQLP

exports[`<Footer/> Snapshot snapshot test for Footer 1`] = `
LoadedCheerio {
  "0": <div
    class="Footer"
  >
    <p
      class="Footer-title"
    >
      Platzi Store
    </p>
    <p
      class="Footer-copy"
    >
      Todos los Izquierdos Reservados
    </p>
  </div>,
  "_root": LoadedCheerio {
    "0": Document {
      "children": [
        <html>
          <head />
          <body />
        </html>,
      ],
      "endIndex": null,
      "next": null,
      "parent": null,
      "prev": null,
      "startIndex": null,
      "type": "root",
      "x-mode": "quirks",
    },
    "_root": [Circular],
    "length": 1,
    "options": {
      "decodeEntities": true,
      "xml": false,
    },
  },
  "length": 1,
  "options": {
    "decodeEntities": true,
    "xml": false,
  },
}
`;
